10:43:02 **** Incremental Build of configuration Debug for project Add_Inline_Assembly ****
make -j12 all 
arm-none-eabi-gcc "../Src/main.c" -mcpu=cortex-m4 -std=gnu11 -g3 -DDEBUG -DSTM32 -DSTM32F4 -DSTM32F446RETx -DNUCLEO_F446RE -c -I../Inc -O0 -ffunction-sections -fdata-sections -Wall -fstack-usage -fcyclomatic-complexity -MMD -MP -MF"Src/main.d" -MT"Src/main.o" --specs=nano.specs -mfpu=fpv4-sp-d16 -mfloat-abi=hard -mthumb -o "Src/main.o"
arm-none-eabi-gcc -o "Add_Inline_Assembly.elf" @"objects.list"   -mcpu=cortex-m4 -T"/home/vasundhra/deepak/Workspace/Module2/stm32_mcu/Add_Inline_Assembly/STM32F446RETX_FLASH.ld" --specs=nosys.specs -Wl,-Map="Add_Inline_Assembly.map" -Wl,--gc-sections -static --specs=nano.specs -mfpu=fpv4-sp-d16 -mfloat-abi=hard -mthumb -Wl,--start-group -lc -lm -Wl,--end-group
Finished building target: Add_Inline_Assembly.elf
 
arm-none-eabi-size   Add_Inline_Assembly.elf 
arm-none-eabi-objdump -h -S  Add_Inline_Assembly.elf  > "Add_Inline_Assembly.list"
Finished building: Add_Inline_Assembly.list
 
   text	   data	    bss	    dec	    hex	filename
    704	      8	   1568	   2280	    8e8	Add_Inline_Assembly.elf
Finished building: default.size.stdout
 

10:43:02 Build Finished. 0 errors, 0 warnings. (took 188ms)

