20:46:01 **** Incremental Build of configuration Debug for project L298N_Interface ****
make -j12 all 
arm-none-eabi-gcc "../Core/Src/main.c" -mcpu=cortex-m4 -std=gnu11 -g3 -DDEBUG -DUSE_HAL_DRIVER -DSTM32F446xx -c -I../Core/Inc -I../Drivers/STM32F4xx_HAL_Driver/Inc -I../Drivers/STM32F4xx_HAL_Driver/Inc/Legacy -I../Drivers/CMSIS/Device/ST/STM32F4xx/Include -I../Drivers/CMSIS/Include -O0 -ffunction-sections -fdata-sections -Wall -fstack-usage -fcyclomatic-complexity -MMD -MP -MF"Core/Src/main.d" -MT"Core/Src/main.o" --specs=nano.specs -mfpu=fpv4-sp-d16 -mfloat-abi=hard -mthumb -o "Core/Src/main.o"
arm-none-eabi-gcc -o "L298N_Interface.elf" @"objects.list"   -mcpu=cortex-m4 -T"/home/vasundhra/deepak/Workspace/Module2/stm32_mcu/L298N_Interface/STM32F446RETX_FLASH.ld" --specs=nosys.specs -Wl,-Map="L298N_Interface.map" -Wl,--gc-sections -static --specs=nano.specs -mfpu=fpv4-sp-d16 -mfloat-abi=hard -mthumb -Wl,--start-group -lc -lm -Wl,--end-group
Finished building target: L298N_Interface.elf
 
arm-none-eabi-size   L298N_Interface.elf 
arm-none-eabi-objdump -h -S  L298N_Interface.elf  > "L298N_Interface.list"
   text	   data	    bss	    dec	    hex	filename
  13020	     20	   1716	  14756	   39a4	L298N_Interface.elf
Finished building: default.size.stdout
 
Finished building: L298N_Interface.list
 

20:46:01 Build Finished. 0 errors, 0 warnings. (took 385ms)

