20:51:57 **** Incremental Build of configuration Debug for project Q12_LCD_Test1 ****
make -j12 all 
arm-none-eabi-gcc "../Core/Src/main.c" -mcpu=cortex-m4 -std=gnu11 -g3 -DDEBUG -DUSE_HAL_DRIVER -DSTM32F446xx -c -I../Core/Inc -I../Drivers/STM32F4xx_HAL_Driver/Inc -I../Drivers/STM32F4xx_HAL_Driver/Inc/Legacy -I../Drivers/CMSIS/Device/ST/STM32F4xx/Include -I../Drivers/CMSIS/Include -O0 -ffunction-sections -fdata-sections -Wall -fstack-usage -fcyclomatic-complexity -MMD -MP -MF"Core/Src/main.d" -MT"Core/Src/main.o" --specs=nano.specs -mfpu=fpv4-sp-d16 -mfloat-abi=hard -mthumb -o "Core/Src/main.o"
arm-none-eabi-gcc -o "Q12_LCD_Test1.elf" @"objects.list"   -mcpu=cortex-m4 -T"/home/vasundhra/deepak/Workspace/Module2/stm32_mcu/Q12_LCD_Test1/STM32F446RETX_FLASH.ld" --specs=nosys.specs -Wl,-Map="Q12_LCD_Test1.map" -Wl,--gc-sections -static --specs=nano.specs -mfpu=fpv4-sp-d16 -mfloat-abi=hard -mthumb -Wl,--start-group -lc -lm -Wl,--end-group
Finished building target: Q12_LCD_Test1.elf
 
arm-none-eabi-size   Q12_LCD_Test1.elf 
arm-none-eabi-objdump -h -S  Q12_LCD_Test1.elf  > "Q12_LCD_Test1.list"
   text	   data	    bss	    dec	    hex	filename
  10312	    120	   1592	  12024	   2ef8	Q12_LCD_Test1.elf
Finished building: default.size.stdout
 
Finished building: Q12_LCD_Test1.list
 

20:51:57 Build Finished. 0 errors, 0 warnings. (took 330ms)

